
> saml-oidc-test-app@1.0.0 test
> jest

